[www.popsci.com/science/why-are-turkeys-so-big/index.html]
[www.popsci.com/wp-content/uploads/2024/11/large-turkeys-pardon530b.jpg]
[backblue.gif]
[fade.gif]
[index.html]
[static.chartbeat.com/js/chartbeat.js]
[www.popsci.com/wp-includes/css/dist/block-library/style.minb6f9.css]
[www.popsci.com/wp-content/themes/recurrent-base/blocks/newsletter-email/scriptab63.js]
[www.popsci.com/_static/index562b.html]
[www.popsci.com/wp-content/uploads/2024/06/cropped-favicon-ps-FE5102-1c6df.png]
[ak.sail-horizon.com/spm/spm.v1.min109c.js]
[www.popsci.com/wp-content/uploads/2024/06/cropped-favicon-ps-FE5102-1aaf5.png]
[www.popsci.com/wp-content/uploads/2024/06/cropped-favicon-ps-FE5102-1fc27.png]
[cdn.privacy-mgmt.com/unified/wrapperMessagingWithoutDetection.js]
[www.popsci.com/wp-content/uploads/2024/11/large-turkeys-pardon0db9.jpg]
[www.popsci.com/wp-content/uploads/2024/11/wild-turkeys9283.jpg]
[www.pinterest.com/pin/create/button/indexab0a.html]
[www.popsci.com/wp-content/uploads/2023/11/24/black-friday-2023-headerb9d1.jpg]
[www.popsci.com/wp-content/uploads/2023/12/12/unnameddde0.jpg]
[www.popsci.com/wp-content/uploads/2024/11/The-best-smart-home-Black-Friday-deals465a.jpg]
[www.popsci.com/wp-content/uploads/2024/10/2024-holiday-gift-guide-headerf618.jpg]
[www.popsci.com/wp-content/uploads/2024/11/sound-of-my-voicef618.jpg]
[www.popsci.com/wp-content/uploads/2024/11/toenails-whyf618.jpg]
[www.popsci.com/wp-content/uploads/2024/11/raw-milkf618.jpg]
[www.popsci.com/wp-content/uploads/2024/11/the-sunf618.jpg]
[www.popsci.com/wp-content/uploads/2024/11/Hypnic-Jerkf618.jpg]
[www.popsci.com/wp-content/uploads/2024/11/earth-without-humansf618.jpg]
[www.popsci.com/wp-content/uploads/2024/10/toyota-hydrogenf618.png]
[www.popsci.com/wp-content/uploads/2024/10/psychof618.jpg]
[www.popsci.com/wp-content/uploads/2024/07/Plantsf618.png]
[www.popsci.com/wp-content/uploads/2019/11/25/6CJW3DMSL5FJZIIFRGNMLQ4IVUaea5.jpg]
[www.popsci.com/wp-content/uploads/2024/11/jade-morton-reseacher-standing-next-to-monitoring-station-f618.jpg]
[www.popsci.com/wp-content/uploads/2024/11/gold-rush-coinsf618.jpg]
[www.popsci.com/wp-content/uploads/2024/11/Starship-HLS-Landing_1d2467f618.png]
[www.popsci.com/wp-content/uploads/2024/11/Ocean-Acoustic-Equipmentf618.jpg]
[www.popsci.com/wp-content/uploads/2024/11/dolphin-screamingf618.jpg]
[www.popsci.com/wp-content/uploads/2024/11/tap-waterf618.jpg]
[www.popsci.com/wp-content/themes/recurrent-base/js/appd012.js]
[www.popsci.com/wp-content/client-mu-plugins/recurrent/dist/js/lightbox8b80.js]
[stats.wp.com/e-202448.js]
[s.skimresources.com/js/138113X1700773.skimlinks.js]
[www.popsci.com/science/why-are-turkeys-so-big/index.html]
[cdn.intergient.com/1025364/75188/ramp.js]
[static.chartbeat.com/js/chartbeat.js]
[www.popsci.com/wp-includes/css/dist/block-library/style.minb6f9.css]
[www.popsci.com/_static/index562b.html]
[www.googletagmanager.com/gtm5445.html]
[static.chartbeat.com/js/inpage.js]
[s.pinimg.com/webapp/runtime-28f610e360354730.js]
[s.pinimg.com/webapp/polyfills-7f532a913093186b.js]
[s.pinimg.com/webapp/69368-13b57be96ed2bdcd.js]
[s.pinimg.com/webapp/58308-e8ec81474d30c8c4.js]
[s.pinimg.com/webapp/46034-0b79b759587e7437.js]
[s.pinimg.com/webapp/locale-en_US-lite-js-bf4b6ad255a4cc34.js]
[s.pinimg.com/webapp/vendor-react-192a4581f88e5a0a.js]
[s.pinimg.com/webapp/97949-0dfc8403dd6f0df0.js]
[s.pinimg.com/webapp/15787-de1fee19c9e7382e.js]
[s.pinimg.com/webapp/99317-3c2fce5fd713d0e9.js]
[s.pinimg.com/webapp/74044-19df723244756a2e.js]
[s.pinimg.com/webapp/59656-315c1fdc0112fbf1.js]
[s.pinimg.com/webapp/89820-72e5e3164755053b.js]
[s.pinimg.com/webapp/1992-e913e52779a250ce.js]
[s.pinimg.com/webapp/27234-c6f1f78478c774d4.js]
[s.pinimg.com/webapp/50289-8e52fbfc4e62ea66.js]
[s.pinimg.com/webapp/5710-586fb6b57536ba81.js]
[s.pinimg.com/webapp/84091-48dd36899e6c4fb5.js]
[s.pinimg.com/webapp/97037-e89068931a649a3e.js]
[s.pinimg.com/webapp/3741-8a8d56fbe9e802af.js]
[s.pinimg.com/webapp/32322-cf6b690491e18ec4.js]
[s.pinimg.com/webapp/14796-eb123c94bb056329.js]
[s.pinimg.com/webapp/84659-fd73309cc36fa5b7.js]
[s.pinimg.com/webapp/38486-ac8f7dc81496b4b3.js]
[s.pinimg.com/webapp/24174-1716565bfa52d21c.js]
[s.pinimg.com/webapp/18288-ace7cfa235a9453a.js]
[s.pinimg.com/webapp/57071-f87a58313cdc620a.js]
[s.pinimg.com/webapp/53843-f2f8e78f3b59f964.js]
[s.pinimg.com/webapp/95464-15998f208b993701.js]
[s.pinimg.com/webapp/www/pin/create/[method]-6c467e721d4dc5f3.js]
[s.pinimg.com/webapp/80621-e77763c16ee2be89.js]
[s.pinimg.com/webapp/62079-6a2cb16495ecc385.js]
[s.pinimg.com/webapp/17488-0f4f6d399fd00ca3.js]
[s.pinimg.com/webapp/13916-e3c1c49e0c20084b.js]
[s.pinimg.com/webapp/64302-1b53c3598a295e9a.js]
[s.pinimg.com/webapp/53608-5c8258889cdd71e2.js]
[s.pinimg.com/webapp/82210-c6d36039bd92f182.js]
[s.pinimg.com/webapp/2171-e197002bce4b8ff6.js]
[s.pinimg.com/webapp/25987-b185ee5ee251d610.js]
[s.pinimg.com/webapp/www/_client-0dd6b7f6fe20523c.js]
[s.pinimg.com/webapp/DefaultPinRep-7897fce15c3275d3.js]
[s.pinimg.com/webapp/logo_transparent_144x144-3da7a67b.png]
[s.pinimg.com/webapp/favicon_48x48-7470a30d.png]
[s.pinimg.com/webapp/www/_/_/developer-tools/experiments-for-viewer-8ce27fd00384bf27.js]
[s.pinimg.com/webapp/www/_/_/developer-tools/experiments-override-7aed542ff5e037ff.js]
[s.pinimg.com/webapp/9073-d89cdbf681df2dfa.js]
[s.pinimg.com/webapp/81507-197a53970f3577d2.js]
[s.pinimg.com/webapp/51628-8bae5d78ddea0d3c.js]
[s.pinimg.com/webapp/www/_/_/developer-tools/structured-feed-d995721caa90d1b1.js]
[s.pinimg.com/webapp/88544-a001b3f597b2fcd3.js]
[s.pinimg.com/webapp/24061-410287eb53c9c770.js]
[s.pinimg.com/webapp/17159-8026fbddfa6e0e39.js]
[s.pinimg.com/webapp/77870-3074e39f41a9470e.js]
[s.pinimg.com/webapp/www/[username]-cb5eb23037922621.js]
[s.pinimg.com/webapp/32859-db3b634e9105fce7.js]
[s.pinimg.com/webapp/62255-891394112fcd7df4.js]
[s.pinimg.com/webapp/95882-785a749b08109a6d.js]
[s.pinimg.com/webapp/53173-3900f090d620f86f.js]
[s.pinimg.com/webapp/17031-27fced0330b9f8c8.js]
[s.pinimg.com/webapp/www/[username]/[slug]-9fb329cb46adb37f.js]
[s.pinimg.com/webapp/30515-9c21f690b1cf0082.js]
[s.pinimg.com/webapp/63620-0fada93117b7563f.js]
[s.pinimg.com/webapp/www/[username]/[slug]/_tools/saved-products-b54020f1c91eeaea.js]
[s.pinimg.com/webapp/99641-d3ab4f8e8c951222.js]
[s.pinimg.com/webapp/32254-24bc2425bcbfa412.js]
[s.pinimg.com/webapp/www/[username]/[slug]/_tools/shop-fa0be7ee6c4bdaf7.js]
[s.pinimg.com/webapp/48340-8ed5673c184463df.js]
[s.pinimg.com/webapp/85085-35d023bc5bedd54c.js]
[s.pinimg.com/webapp/www/[username]/[slug]/[section_slug]/_tools/more-ideas-82ab92545c8a8b2d.js]
[s.pinimg.com/webapp/www/[username]/[slug]/[section_slug]-f3adfacac6bbc762.js]
[s.pinimg.com/webapp/28282-3dc645c1cd8aebf7.js]
[s.pinimg.com/webapp/11280-ab712ad57cee432b.js]
[s.pinimg.com/webapp/www/[username]/[slug]/[section_slug]/_tools/organize-5b60c0a63c6e091d.js]
[s.pinimg.com/webapp/www/[username]/[slug]/invite-48b0f8050a56164d.js]
[s.pinimg.com/webapp/www/[username]/organize-033200202871e0f1.js]
[s.pinimg.com/webapp/www/[username]/pins-55128ce47b6f2161.js]
[s.pinimg.com/webapp/www/[username]/report-9effd6af05531ab7.js]
[s.pinimg.com/webapp/20056-785bb5dec9f83476.js]
[s.pinimg.com/webapp/96020-bccf528716f66108.js]
[s.pinimg.com/webapp/www/[username]/scheduled-pin/[scheduled_pin_id]-e358d39cf24674f4.css]
[s.pinimg.com/webapp/www/[username]/scheduled-pin/[scheduled_pin_id]-b9987aa0a3db0ca3.js]
[s.pinimg.com/webapp/19903-1c241337084537c8.js]
[s.pinimg.com/webapp/3312-b21f2ab819b905a6.js]
[s.pinimg.com/webapp/www/about/[lawName]-7ae48c2c838f6349.css]
[s.pinimg.com/webapp/www/about/[lawName]-d0d6f745d545d9ab.js]
[s.pinimg.com/webapp/www/about/content-claiming/application-1dde811959ef6552.js]
[s.pinimg.com/webapp/www/about/copyright/counter-notice-823b5c8cf7792467.js]
[s.pinimg.com/webapp/www/about/copyright/dmca-pin-9c5f33c25a76a802.js]
[s.pinimg.com/webapp/www/about/copyright/music-appeal-0d9beb19fb92eb60.js]
[s.pinimg.com/webapp/84624-5e9f434e8710c54d.js]
[s.pinimg.com/webapp/www/about/radtc-7ae48c2c838f6349.css]
[s.pinimg.com/webapp/www/about/radtc-8c91e3dee86b72f3.js]
[s.pinimg.com/webapp/www/about/trademark-b3e0f98d8db38d01.js]
[s.pinimg.com/webapp/17698-ab6c5a91b610b026.js]
[s.pinimg.com/webapp/www/add-account-d4483dedd7435549.js]
[s.pinimg.com/webapp/15282-25a048aff85c3e24.js]
[s.pinimg.com/webapp/73774-f9e0b06529ed111f.js]
[s.pinimg.com/webapp/28134-8973aaea8fc21928.js]
[s.pinimg.com/webapp/12162-ad88ff50edfe3efe.js]
[s.pinimg.com/webapp/92373-cf5accca910a8224.js]
[s.pinimg.com/webapp/52796-9e23bb2f4220e396.js]
[s.pinimg.com/webapp/www/advertiser/quick-promote-28c8349c44357ff6.js]
[s.pinimg.com/webapp/www/age-appeal/confirmation-a0f82f058db027e3.js]
[s.pinimg.com/webapp/www/age-appeal/redirect-afa374c62c723590.js]
[s.pinimg.com/webapp/www/board/[id]/create_section-d25d24a8bab2537c.js]
[s.pinimg.com/webapp/68122-356b86ba93b93c76.js]
[s.pinimg.com/webapp/27473-8fb672af1863e790.js]
[s.pinimg.com/webapp/www/board/[id]/edit-16cb23ba2633b95f.js]
[s.pinimg.com/webapp/19831-1f7b42b9768e4a5b.js]
[s.pinimg.com/webapp/www/board/[id]/organize-7fa8b248ec98d2ca.js]
[s.pinimg.com/webapp/www/board/[id]/permissions-bec45709c0c758c4.js]
[s.pinimg.com/webapp/www/board/[id]/report-ddf8cc23e44e5a9d.js]
[s.pinimg.com/webapp/59292-4af8a70de8e9e78d.js]
[s.pinimg.com/webapp/30014-2f6f3ab3f6007dde.js]
[s.pinimg.com/webapp/37346-10b7bf2c1186a319.js]
[s.pinimg.com/webapp/www/board/create-be28e4758b10a267.js]
[s.pinimg.com/webapp/www/board/create/cluster/[clusterId]-c2c445a778745f48.js]
[s.pinimg.com/webapp/www/boardsection/[id]/organize/add-ea08a349bdb41840.js]
[s.pinimg.com/webapp/www/boardsection/[id]/edit-705d63f46be8ef0b.js]
[s.pinimg.com/webapp/www/boardsection/[id]/organize-a05135d333867490.js]
[s.pinimg.com/webapp/www/boardsection/[id]/organize/repin-10b5390fd29fbbef.js]
[s.pinimg.com/webapp/93783-fc42b56ec65925db.js]
[s.pinimg.com/webapp/www/business/business-access/[userBizId]/employees/invites-7ae48c2c838f6349.css]
[s.pinimg.com/webapp/www/business/business-access/[userBizId]/employees/invites-cec6e1f0ee8ff988.js]
[s.pinimg.com/webapp/www/business/business-hierarchy/[businessHierarchyId]/business_security-7ae48c2c838f6349.css]
[s.pinimg.com/webapp/www/business/business-hierarchy/[businessHierarchyId]/business_security-71a82606e00013b1.js]
[s.pinimg.com/webapp/www/business/business-manager/[userBizId]/dashboard-7ae48c2c838f6349.css]
[s.pinimg.com/webapp/www/business/business-manager/[userBizId]/dashboard-986737430ee4e025.js]
[s.pinimg.com/webapp/www/business/business-hierarchy/[businessHierarchyId]/hierarchy-7ae48c2c838f6349.css]
[s.pinimg.com/webapp/www/business/business-hierarchy/[businessHierarchyId]/hierarchy-53b85225f1a76cde.js]
[s.pinimg.com/webapp/www/business/business-hierarchy/[businessHierarchyId]/managers-7ae48c2c838f6349.css]
[s.pinimg.com/webapp/www/business/business-hierarchy/[businessHierarchyId]/managers-66b571005f9b8ccf.js]
[s.pinimg.com/webapp/www/business/business-manager-7ae48c2c838f6349.css]
[s.pinimg.com/webapp/www/business/business-manager-ab9fe03ca2891b1e.js]
[s.pinimg.com/webapp/www/business/business-manager/[userBizId]-7ae48c2c838f6349.css]
[s.pinimg.com/webapp/www/business/business-manager/[userBizId]-6aded2dff9dad489.js]
[s.pinimg.com/webapp/www/business/business-manager/[userBizId]/ad-accounts-7ae48c2c838f6349.css]
[s.pinimg.com/webapp/www/business/business-manager/[userBizId]/ad-accounts-1473cd76a652a4d8.js]
[s.pinimg.com/webapp/www/business/business-manager/[userBizId]/ad-accounts/[detailId]/details-7ae48c2c838f6349.css]
[s.pinimg.com/webapp/www/business/business-manager/[userBizId]/ad-accounts/[detailId]/details-c8cc01ba07b53684.js]
[s.pinimg.com/webapp/www/business/business-manager/[userBizId]/ad-accounts/cee-migration-7ae48c2c838f6349.css]
[s.pinimg.com/webapp/www/business/business-manager/[userBizId]/ad-accounts/cee-migration-f7fe4eef4efd8b59.js]
[s.pinimg.com/webapp/www/business/business-manager/[userBizId]/asset-groups-7ae48c2c838f6349.css]
[s.pinimg.com/webapp/www/business/business-manager/[userBizId]/asset-groups-e373dae5d20e4248.js]
[s.pinimg.com/webapp/www/business/business-manager/[userBizId]/audiences-7ae48c2c838f6349.css]
[s.pinimg.com/webapp/www/business/business-manager/[userBizId]/audiences-2db5bac78b02852a.js]
[s.pinimg.com/webapp/www/business/business-manager/[userBizId]/brand-safety-7ae48c2c838f6349.css]
[s.pinimg.com/webapp/www/business/business-manager/[userBizId]/brand-safety-4fd51fb3bd826697.js]
[s.pinimg.com/webapp/www/business/business-manager/[userBizId]/catalogs-7ae48c2c838f6349.css]
[s.pinimg.com/webapp/www/business/business-manager/[userBizId]/catalogs-796d570524533087.js]
[s.pinimg.com/webapp/www/business/business-manager/[userBizId]/history-7ae48c2c838f6349.css]
[s.pinimg.com/webapp/www/business/business-manager/[userBizId]/history-a84adaa53c84d94d.js]
[s.pinimg.com/webapp/www/business/business-manager/[userBizId]/employees/[detailId]/details-7ae48c2c838f6349.css]
[s.pinimg.com/webapp/www/business/business-manager/[userBizId]/employees/[detailId]/details-52daefaeb9df40dc.js]
[s.pinimg.com/webapp/www/business/business-manager/[userBizId]/invoice-management-7ae48c2c838f6349.css]
[s.pinimg.com/webapp/www/business/business-manager/[userBizId]/invoice-management-72f58a831801b68d.js]
[s.pinimg.com/webapp/www/business/business-manager/[userBizId]/partners/[detailId]/details-7ae48c2c838f6349.css]
[s.pinimg.com/webapp/www/business/business-manager/[userBizId]/partners/[detailId]/details-c8c47ee87f6d5c1c.js]
[s.pinimg.com/webapp/www/business/business-manager/[userBizId]/partners-7ae48c2c838f6349.css]
[s.pinimg.com/webapp/www/business/business-manager/[userBizId]/partners-b4f9938476052a28.js]
[s.pinimg.com/webapp/www/business/business-manager/[userBizId]/partners/requests-7ae48c2c838f6349.css]
[s.pinimg.com/webapp/www/business/business-manager/[userBizId]/partners/requests-dbaf968f93381e42.js]
[s.pinimg.com/webapp/www/business/business-manager/[userBizId]/profiles-7ae48c2c838f6349.css]
[s.pinimg.com/webapp/www/business/business-manager/[userBizId]/profiles-c7f304984dd0a580.js]
[s.pinimg.com/webapp/www/business/business-manager/[userBizId]/security-7ae48c2c838f6349.css]
[s.pinimg.com/webapp/www/business/business-manager/[userBizId]/security-e4eb5be54d88d3e0.js]
[s.pinimg.com/webapp/www/business/business-manager/[userBizId]/profiles/[detailId]/details-7ae48c2c838f6349.css]
[s.pinimg.com/webapp/www/business/business-manager/[userBizId]/profiles/[detailId]/details-e3100231982b13b9.js]
[s.pinimg.com/webapp/www/business/business-manager/[userBizId]/shared-tags-7ae48c2c838f6349.css]
[s.pinimg.com/webapp/www/business/business-manager/[userBizId]/shared-tags-fac490ae1929fe07.js]
[s.pinimg.com/webapp/www/business/business-manager/[userBizId]/shared/[detailId]/details-7ae48c2c838f6349.css]
[s.pinimg.com/webapp/www/business/business-manager/[userBizId]/shared/[detailId]/details-3fb2cf40515996aa.js]
[s.pinimg.com/webapp/www/business/business-manager/[userBizId]/support-7ae48c2c838f6349.css]
[s.pinimg.com/webapp/www/business/business-manager/[userBizId]/support-897adf02c7ea1742.js]
[s.pinimg.com/webapp/7324-547ad6fde01b6e53.js]
[s.pinimg.com/webapp/40986-17c4f4eef9c8ac52.js]
[s.pinimg.com/webapp/48933-c0bad309334fa8c5.js]
[s.pinimg.com/webapp/www/business/catalogs-6384adea5780b4d1.css]
[s.pinimg.com/webapp/www/business/catalogs-72136a09aa45d88e.js]
[s.pinimg.com/webapp/34945-a3ac1b6c2fa725ab.js]
[s.pinimg.com/webapp/12736-e4bb9a81d2c3a91d.js]
[s.pinimg.com/webapp/55803-e3cb9a9ca4beb202.js]
[s.pinimg.com/webapp/34800-4609787c0d8e1833.js]
[s.pinimg.com/webapp/39083-22e4bcdf3c1e7693.js]
[s.pinimg.com/webapp/5535-d29faad39368673e.js]
[s.pinimg.com/webapp/www/business/convert-58ca85c69d37e733.css]
[s.pinimg.com/webapp/www/business/convert-20afebf9b1183746.js]
[s.pinimg.com/webapp/86641-16d3243bd58f9606.js]
[s.pinimg.com/webapp/25379-1ef508e9c4b7081f.js]
[s.pinimg.com/webapp/www/business/convert/start-04a7cc1c302e8f46.js]
[s.pinimg.com/webapp/www/business/create-58ca85c69d37e733.css]
[s.pinimg.com/webapp/www/business/create-fff3a9a6f78613d4.js]
[s.pinimg.com/webapp/www/business/hub-6384adea5780b4d1.css]
[s.pinimg.com/webapp/www/business/hub-5c7d8ab152342169.js]
[s.pinimg.com/webapp/57202-f9e6ae6ad8b37d91.js]
[s.pinimg.com/webapp/www/business/invite/[inviteCode]-7ae48c2c838f6349.css]
[s.pinimg.com/webapp/www/business/invite/[inviteCode]-233e8b08b513a8ad.js]
[s.pinimg.com/webapp/18495-b0ae60a65bf72474.js]
[s.pinimg.com/webapp/5536-fd2a6d3cd12fd435.js]
[s.pinimg.com/webapp/33011-c620b0f64ab24acd.js]
[s.pinimg.com/webapp/www/login-9786b8e3c7f7c83f.css]
[s.pinimg.com/webapp/www/login-ce580008c6db97cb.js]
[s.pinimg.com/webapp/48575-6d1db3e7851ef2c6.js]
[s.pinimg.com/webapp/www/business/marketing-plan-dc4f3a871c97e0ef.js]
[s.pinimg.com/webapp/83541-2c1c91b09bd7442b.js]
[s.pinimg.com/webapp/www/business/onboarding-3d6e990bd178f859.js]
[s.pinimg.com/webapp/www/business/schedule_call-9786b8e3c7f7c83f.css]
[s.pinimg.com/webapp/www/business/schedule_call-15f175c1a2909884.js]
[s.pinimg.com/webapp/44288-0d4697c0067a2988.js]
[s.pinimg.com/webapp/www/signup-0f66305539edeb66.js]
[s.pinimg.com/webapp/www/business/switch-account-9786b8e3c7f7c83f.css]
[s.pinimg.com/webapp/www/business/switch-account-2f60f41bc15c9d50.js]
[s.pinimg.com/webapp/6473-adbed6ea99bd673f.js]
[s.pinimg.com/webapp/www/business/update-9786b8e3c7f7c83f.css]
[s.pinimg.com/webapp/www/business/update-0b2ea2f508440a15.js]
[s.pinimg.com/webapp/www/business/website-content-manager-599985e623221168.js]
[s.pinimg.com/webapp/32300-edcdeeee6eaaa760.js]
[s.pinimg.com/webapp/www/close-account-d45faabc1485c53d.js]
[s.pinimg.com/webapp/9290-3649e32f0d55d5c7.js]
[s.pinimg.com/webapp/46385-592e67ccebc3da85.js]
[s.pinimg.com/webapp/29802-2b18ca6d7e226047.js]
[s.pinimg.com/webapp/52357-2a4ff7292a6a4364.js]
[s.pinimg.com/webapp/www/conversation/[conversation_id]-36578836b52551eb.js]
[s.pinimg.com/webapp/www/convert-business-b849bc3765bb3c6c.js]
[s.pinimg.com/webapp/www/convert-personal-c98347c881b61497.js]
[s.pinimg.com/webapp/66198-388193ac75799d5b.js]
[s.pinimg.com/webapp/66875-e6678c23a3eef393.js]
[s.pinimg.com/webapp/www/copyright-reporting/[username]-41415997945ba096.js]
[s.pinimg.com/webapp/94169-ecd63713326794ec.js]
[s.pinimg.com/webapp/www/create-personal-9f4bb4de36f12dca.js]
[s.pinimg.com/webapp/55418-c0785675808fa688.js]
[s.pinimg.com/webapp/www/create-business-7ae48c2c838f6349.css]
[s.pinimg.com/webapp/www/create-business-2ddcb9084bde8856.js]
[s.pinimg.com/webapp/www/deactivate-account-a03e3029ca1934b1.js]
[s.pinimg.com/webapp/32124-0d965b42f90e5a68.js]
[s.pinimg.com/webapp/www/edit-adead1e7fa3a07e5.js]
[s.pinimg.com/webapp/www/email/remove-789b2281aeaa6c68.js]
[s.pinimg.com/webapp/www/email/subscription-9786b8e3c7f7c83f.css]
[s.pinimg.com/webapp/www/email/subscription-4c080f81a70e1c79.js]
[s.pinimg.com/webapp/44238-2b3dfdf759ed6bde.js]
[s.pinimg.com/webapp/37494-a4fd30944e87010d.js]
[s.pinimg.com/webapp/www/index-c2da7dbeaa3b4862.js]
[s.pinimg.com/webapp/93041-4f14c19f8606278c.js]
[s.pinimg.com/webapp/www/idea-ads-tool-7ae48c2c838f6349.css]
[s.pinimg.com/webapp/www/idea-ads-tool-c9b4af301b9c8806.js]
[s.pinimg.com/webapp/11376-60c8bc7bf6c6421f.js]
[s.pinimg.com/webapp/88887-c42141378178cb73.js]
[s.pinimg.com/webapp/62723-1fe44673dc9231e4.js]
[s.pinimg.com/webapp/www/ideas-11be7b72a85d3074.js]
[s.pinimg.com/webapp/65272-a4678863a98140c9.js]
[s.pinimg.com/webapp/www/inbox-03d462f3b9bff1c7.js]
[s.pinimg.com/webapp/16431-0300bcab39f1e81e.js]
[s.pinimg.com/webapp/www/ideas/[interest]/[id]-bb1cddbd6c0379ca.js]
[s.pinimg.com/webapp/www/inbox/requests-01d11817790143aa.js]
[s.pinimg.com/webapp/www/invited-6fbdb6ddc1bc1818.js]
[s.pinimg.com/webapp/35637-a2ace9ce661d755c.js]
[s.pinimg.com/webapp/34644-fd84cdb47fcffdd1.js]
[s.pinimg.com/webapp/87994-95f83e600534a3f6.js]
[s.pinimg.com/webapp/www/lens-search-6bcba988f4a0415d.css]
[s.pinimg.com/webapp/www/lens-search-fd3e7cf3550321fc.js]
[s.pinimg.com/webapp/www/lens-search/history-6bcba988f4a0415d.css]
[s.pinimg.com/webapp/www/lens-search/history-439cbf753c380490.js]
[s.pinimg.com/webapp/www/logout-780fe277a78cfb06.js]
[s.pinimg.com/webapp/43979-1176e7a31ce2664a.js]
[s.pinimg.com/webapp/332-0003f8a5e7e4dd63.js]
[s.pinimg.com/webapp/33656-8cc517b2b92a9275.js]
[s.pinimg.com/webapp/www/news_hub/[id]-f4a713443f742aae.js]
[s.pinimg.com/webapp/www/notifications-6869dd43d2010987.js]
[s.pinimg.com/webapp/www/oauth-cff31ff7a79bc734.js]
[s.pinimg.com/webapp/www/oauth/line/redirect-fff3ab00e5a31bec.js]
[s.pinimg.com/webapp/98183-b18199294f1984c3.js]
[s.pinimg.com/webapp/40019-7f8e5ea72930d6a4.js]
[s.pinimg.com/webapp/www/parental-passcode-e3d54b3184ed8135.js]
[s.pinimg.com/webapp/www/password/reset-b7c59ba9a02aa79d.js]
[s.pinimg.com/webapp/78020-0c68d82bc4032cc8.js]
[s.pinimg.com/webapp/www/pin-builder-7ae48c2c838f6349.css]
[s.pinimg.com/webapp/www/pin-builder-a4856da0f59f3f10.js]
[s.pinimg.com/webapp/www/pin/[id]-7dab1ad5cf07c82d.js]
[s.pinimg.com/webapp/www/pin/[id]/activities-4d72197082d60a1a.js]
[s.pinimg.com/webapp/www/pin/[id]/activity/tried-9003fa8bec42ffbf.js]
[s.pinimg.com/webapp/84382-c38245a8bc419ded.js]
[s.pinimg.com/webapp/55022-be779752f8120e9e.js]
[s.pinimg.com/webapp/www/pin/[id]/analytics-7ae48c2c838f6349.css]
[s.pinimg.com/webapp/www/pin/[id]/analytics-f9e7abf2030b11d2.js]
[s.pinimg.com/webapp/33292-9d4d147b3e99b837.js]
[s.pinimg.com/webapp/www/pin/[id]/brand-catalog-60062b94d1d9357a.js]
[s.pinimg.com/webapp/48660-c46abb09b6c5eb4c.js]
[s.pinimg.com/webapp/www/pin/[id]/comments-d6e496391f72578a.js]
[s.pinimg.com/webapp/www/pin/[id]/edit-ad59dba20060f784.js]
[s.pinimg.com/webapp/www/pin/[id]/sent-66737c023d93c274.js]
[s.pinimg.com/webapp/www/pin/[id]/promote-8e142c1452b4ff8c.js]
[s.pinimg.com/webapp/www/pin/[id]/related-products/domain-c2a5a9d3ad27157a.js]
[s.pinimg.com/webapp/www/pin/[id]/repin-ff2a679f91734234.js]
[s.pinimg.com/webapp/20353-24eefc9d2d48e694.js]
[s.pinimg.com/webapp/www/pin/[id]/repin/[boardId]-f0561a6449e45891.js]
[s.pinimg.com/webapp/www/pin/[id]/repin/[boardId]/add-1930463f8c9471fd.js]
[s.pinimg.com/webapp/www/pin/[id]/repin/x-d7b46e6060005264.js]
[s.pinimg.com/webapp/www/pin/[id]/report-afbf51fecd9d013e.js]
[s.pinimg.com/webapp/www/pin/[id]/share-becffa597c46dfc2.js]
[s.pinimg.com/webapp/www/pin/[id]/visual-search-b3e7acd7f3da4fb8.js]
[s.pinimg.com/webapp/www/pin/[id]/visual-search/products-060214bab3c67e63.js]
[s.pinimg.com/webapp/www/pin/[id]/visual-shop-555472dd0201fbe1.js]
[s.pinimg.com/webapp/www/pw/[username]-aeaef64e4fe6bfb7.js]
[s.pinimg.com/webapp/www/recently-viewed-bddf8981aeb47bbc.js]
[s.pinimg.com/webapp/12543-6d77a800bc1bbca0.js]
[s.pinimg.com/webapp/www/request-data-25ea0683ce675a2a.js]
[s.pinimg.com/webapp/34101-ed0ee51a4ef65ad2.js]
[s.pinimg.com/webapp/88641-e861f59b48eefd24.js]
[s.pinimg.com/webapp/www/search-c6dc09c4868f18be.js]
[s.pinimg.com/webapp/www/search/[scope]-40dea662c093f039.js]
[s.pinimg.com/webapp/www/search/me-8ac8c5b3bf9ca31e.js]
[s.pinimg.com/webapp/www/search/my_content-13f192365d610bc8.js]
[s.pinimg.com/webapp/www/secure/panic-fc99991c8cdcc35e.js]
[s.pinimg.com/webapp/53415-7db52a180af7f406.js]
[s.pinimg.com/webapp/46001-661940c694744d4d.js]
[s.pinimg.com/webapp/18410-8abdea0eb88aac65.js]
[s.pinimg.com/webapp/29211-246c14f2909895ea.js]
[s.pinimg.com/webapp/33505-99ff2dcab91038f5.js]
[s.pinimg.com/webapp/54183-06b04f7624484050.js]
[s.pinimg.com/webapp/www/settings/account-settings-7ae48c2c838f6349.css]
[s.pinimg.com/webapp/www/settings/account-settings-bfe0a7ee52d6d542.js]
[s.pinimg.com/webapp/91879-b276f6842ea10ede.js]
[s.pinimg.com/webapp/www/settings-3fad16cd4bf9aaee.js]
[s.pinimg.com/webapp/www/settings/branded-content-4379c16c3d82277d.js]
[s.pinimg.com/webapp/20771-102a02c64e8cbe5e.js]
[s.pinimg.com/webapp/www/settings/bulk-create-pins-3c13f9fcfb723efb.js]
[s.pinimg.com/webapp/www/settings/claim-f16d19cec1394fa4.js]
[s.pinimg.com/webapp/www/settings/edit-profile-388e34066e187bc7.js]
[s.pinimg.com/webapp/29443-d8d1377575db4979.js]
[s.pinimg.com/webapp/www/settings/edit/birthdate-9fb41795ac043bb7.js]
[s.pinimg.com/webapp/www/settings/edit/business-type-9507d39eeaca7ffe.js]
[s.pinimg.com/webapp/www/settings/edit/contact-name-690a2cc6d65935be.js]
[s.pinimg.com/webapp/www/settings/edit/country-region-4762f8e892e981b5.js]
[s.pinimg.com/webapp/www/settings/edit/email-5e284b99e2681bfe.js]
[s.pinimg.com/webapp/www/settings/edit/gender-fc7e6f66d0284abf.js]
[s.pinimg.com/webapp/44698-49cab3847fc9619f.js]
[s.pinimg.com/webapp/www/settings/edit/login-91433152b3ac36ab.js]
[s.pinimg.com/webapp/www/settings/edit/mentions-0cc590d5ef9f36b0.js]
[s.pinimg.com/webapp/www/settings/edit/password-b0efb8c55dc1957d.js]
[s.pinimg.com/webapp/40538-95768c3476af1b6e.js]
[s.pinimg.com/webapp/www/settings/email-a9d936178a233072.js]
[s.pinimg.com/webapp/85997-8080975a90641b11.js]
[s.pinimg.com/webapp/www/settings/messages-97203a89f105d490.js]
[s.pinimg.com/webapp/www/settings/messages/[group]-d22099ccb9202a09.js]
[s.pinimg.com/webapp/22798-60eb392be72adaca.js]
[s.pinimg.com/webapp/www/settings/mfa/[step]-9498d477da2b9fec.js]
[s.pinimg.com/webapp/www/settings/mfa/disable-cdb6bd8f19743104.js]
[s.pinimg.com/webapp/www/settings/mfa/backup-code-6e4d5f7122a739b7.js]
[s.pinimg.com/webapp/www/settings/notifications-09074dbe37820b21.js]
[s.pinimg.com/webapp/www/settings/notifications/by-push-notification-20e554599a8a2683.js]
[s.pinimg.com/webapp/www/settings/notifications/on-pinterest-a9a68a7eeddb3666.js]
[s.pinimg.com/webapp/www/settings/permissions-873bc2fdee66c659.js]
[s.pinimg.com/webapp/www/settings/personal-information-157ddc14737a49fb.js]
[s.pinimg.com/webapp/www/settings/privacy-09b638b998132144.js]
[s.pinimg.com/webapp/www/settings/security-75cd3b2f5d2e62f0.js]
[s.pinimg.com/webapp/www/settings/tax-documents-f1d16dc838441ef0.js]
[s.pinimg.com/webapp/65496-f91d053dbad27d58.js]
[s.pinimg.com/webapp/www/shopping-c368eea2bc7ccc08.js]
[s.pinimg.com/webapp/www/shopping/[category]/[id]-d0328ea5c9a21362.js]
[s.pinimg.com/webapp/www/signup/fbemailcollect-86a461a948292d62.js]
[s.pinimg.com/webapp/www/signup/line-email-collect-59143f175b3c7d21.js]
[s.pinimg.com/webapp/www/signup/thirdpartyage-aecbaa7f0fb16451.js]
[s.pinimg.com/webapp/www/story_feed-9a50e3f70eecb34f.js]
[s.pinimg.com/webapp/www/switch_account-80121c4ba521b563.js]
[s.pinimg.com/webapp/www/today-e268963e5d3746ea.js]
[s.pinimg.com/webapp/www/today/[term]/[title]/[articleId]-58678d1938dbee1a.js]
[s.pinimg.com/webapp/30075-8942cb15e65419e9.js]
[s.pinimg.com/webapp/98234-a0c79d88c825ce3f.js]
[s.pinimg.com/webapp/www/today/popular/[interest]/[interestId]-5c7c6f395c0802e0.js]
[s.pinimg.com/webapp/www/tried_it/[triedItId]/likes-ed1c74170607e414.js]
[s.pinimg.com/webapp/86780-cbed82a04f906135.js]
[s.pinimg.com/webapp/www/unauth-profile-e35076abea74bc9c.js]
[s.pinimg.com/webapp/www/unlink-50d059cc7671785f.js]
[s.pinimg.com/webapp/www/videos-ae81337d815a4786.js]
[s.pinimg.com/webapp/54945-23a7adb85d1504e4.js]
[s.pinimg.com/webapp/www/videos/[category]/[id]-5123122f1fe12e10.js]
[s.pinimg.com/webapp/4178-aa83c1b4db2a516a.js]
[s.pinimg.com/webapp/70398-e4137a330b5abb59.js]
[s.pinimg.com/webapp/69063-a48affbf89cec76d.js]
[s.pinimg.com/webapp/app-www-PageWrapper-UnauthPageWrapperHeader-72dd1ca33262b31e.js]
[www.pinterest.com/pin/create/button/indexab0a.html]
[s.pinimg.com/webapp/app-www-PageWrapper-UnauthPageWrapperFooter-e46204a3429a104e.js]
[static2.chartbeat.com/js/mab-inpagedev.js]
[static.chartbeat.com/js/inpage.js]
[www.pinterest.com/pin/create/button/ios-app_/429047995/pinterest/add_pin/_method=button&image_url=https_/www.popsci.com/wp-content/uploads/2024/11/large-turkeys-pardon/&description=The massiv]
[www.pinterest.com/pin/create/button/android-app_/com.pinterest/pinterest/www.pinterest.com/pin/create/button/_media=https_/www.popsci.com/wp-content/uploads/2024/11/lar/&description=The massiv]
[s.pinimg.com/webapp/www/[username]/scheduled-pin/[scheduled_pin_id]-e358d39cf24674f4.css]
[s.pinimg.com/webapp/www/about/[lawName]-7ae48c2c838f6349.css]
[s.pinimg.com/webapp/www/about/radtc-7ae48c2c838f6349.css]
[s.pinimg.com/webapp/www/business/business-access/[userBizId]/employees/invites-7ae48c2c838f6349.css]
[s.pinimg.com/webapp/www/business/business-hierarchy/[businessHierarchyId]/business_security-7ae48c2c838f6349.css]
[s.pinimg.com/webapp/www/business/business-manager/[userBizId]/dashboard-7ae48c2c838f6349.css]
[s.pinimg.com/webapp/www/business/business-hierarchy/[businessHierarchyId]/hierarchy-7ae48c2c838f6349.css]
[s.pinimg.com/webapp/www/business/business-hierarchy/[businessHierarchyId]/managers-7ae48c2c838f6349.css]
[s.pinimg.com/webapp/www/business/business-manager-7ae48c2c838f6349.css]
[s.pinimg.com/webapp/www/business/business-manager/[userBizId]-7ae48c2c838f6349.css]
[s.pinimg.com/webapp/www/business/business-manager/[userBizId]/ad-accounts-7ae48c2c838f6349.css]
[s.pinimg.com/webapp/www/business/business-manager/[userBizId]/ad-accounts/[detailId]/details-7ae48c2c838f6349.css]
[s.pinimg.com/webapp/www/business/business-manager/[userBizId]/ad-accounts/cee-migration-7ae48c2c838f6349.css]
[s.pinimg.com/webapp/www/business/business-manager/[userBizId]/asset-groups-7ae48c2c838f6349.css]
[s.pinimg.com/webapp/www/business/business-manager/[userBizId]/audiences-7ae48c2c838f6349.css]
[s.pinimg.com/webapp/www/business/business-manager/[userBizId]/brand-safety-7ae48c2c838f6349.css]
[s.pinimg.com/webapp/www/business/business-manager/[userBizId]/catalogs-7ae48c2c838f6349.css]
[s.pinimg.com/webapp/www/business/business-manager/[userBizId]/history-7ae48c2c838f6349.css]
[s.pinimg.com/webapp/www/business/business-manager/[userBizId]/employees/[detailId]/details-7ae48c2c838f6349.css]
[s.pinimg.com/webapp/www/business/business-manager/[userBizId]/invoice-management-7ae48c2c838f6349.css]
[s.pinimg.com/webapp/www/business/business-manager/[userBizId]/partners/[detailId]/details-7ae48c2c838f6349.css]
[s.pinimg.com/webapp/www/business/business-manager/[userBizId]/partners-7ae48c2c838f6349.css]
[s.pinimg.com/webapp/www/business/business-manager/[userBizId]/partners/requests-7ae48c2c838f6349.css]
[s.pinimg.com/webapp/www/business/business-manager/[userBizId]/profiles-7ae48c2c838f6349.css]
[s.pinimg.com/webapp/www/business/business-manager/[userBizId]/security-7ae48c2c838f6349.css]
[s.pinimg.com/webapp/www/business/business-manager/[userBizId]/profiles/[detailId]/details-7ae48c2c838f6349.css]
[s.pinimg.com/webapp/www/business/business-manager/[userBizId]/shared-tags-7ae48c2c838f6349.css]
[s.pinimg.com/webapp/www/business/business-manager/[userBizId]/shared/[detailId]/details-7ae48c2c838f6349.css]
[s.pinimg.com/webapp/www/business/business-manager/[userBizId]/support-7ae48c2c838f6349.css]
[s.pinimg.com/webapp/www/business/catalogs-6384adea5780b4d1.css]
[s.pinimg.com/webapp/www/business/convert-58ca85c69d37e733.css]
[s.pinimg.com/webapp/www/business/create-58ca85c69d37e733.css]
[s.pinimg.com/webapp/www/business/hub-6384adea5780b4d1.css]
[s.pinimg.com/webapp/www/business/invite/[inviteCode]-7ae48c2c838f6349.css]
[s.pinimg.com/webapp/www/login-9786b8e3c7f7c83f.css]
[s.pinimg.com/webapp/www/business/schedule_call-9786b8e3c7f7c83f.css]
[s.pinimg.com/webapp/www/business/switch-account-9786b8e3c7f7c83f.css]
[s.pinimg.com/webapp/www/business/update-9786b8e3c7f7c83f.css]
[s.pinimg.com/webapp/www/create-business-7ae48c2c838f6349.css]
[s.pinimg.com/webapp/www/email/subscription-9786b8e3c7f7c83f.css]
[s.pinimg.com/webapp/www/idea-ads-tool-7ae48c2c838f6349.css]
[s.pinimg.com/webapp/www/lens-search-6bcba988f4a0415d.css]
[s.pinimg.com/webapp/www/lens-search/history-6bcba988f4a0415d.css]
[s.pinimg.com/webapp/www/pin-builder-7ae48c2c838f6349.css]
[s.pinimg.com/webapp/www/pin/[id]/analytics-7ae48c2c838f6349.css]
[s.pinimg.com/webapp/www/settings/account-settings-7ae48c2c838f6349.css]
[static.chartbeat.com/js/inpage.html]
